'FRC.Algebra.quarter_turn_exists' depends on axioms: [propext, Classical.choice, Quot.sound]
'FRC.Algebra.two_ne_zero_shell' depends on axioms: [propext, Classical.choice, Quot.sound]
'FRC.Algebra.klein_orbit_four' depends on axioms: [propext, Classical.choice, Quot.sound]
'FRC.Algebra.card_fourth_roots' depends on axioms: [propext, Classical.choice, Quot.sound]
'FRC.Algebra.quarter_turn' depends on axioms: [propext, Classical.choice, Quot.sound]
'FRC.Algebra.affine_frame' depends on axioms: [propext, Classical.choice, Quot.sound]
'FRC.Algebra.meridian_involution' depends on axioms: [propext, Classical.choice, Quot.sound]
'FRC.Algebra.framed_integer_window' depends on axioms: [propext, Classical.choice, Quot.sound]
'FRC.Algebra.scale_periodic' depends on axioms: [propext, Classical.choice, Quot.sound]
'FRC.Algebra.complex_chart_zero_divisor' depends on axioms: [propext, Classical.choice, Quot.sound]
'FRC.Algebra.no_south_pole' depends on axioms: [propext, Classical.choice, Quot.sound]
'FRC.Algebra.s13_quarter_turn' depends on axioms: [propext, Quot.sound]
'FRC.Algebra.euclidSteps' does not depend on any axioms
'FRC.Algebra.euclid_step_count' does not depend on any axioms
'FRC.Algebra.approx_obstruction' depends on axioms: [propext, Classical.choice, Quot.sound]
'FRC.Algebra.root_iff_not_coprime' depends on axioms: [propext, Classical.choice, Quot.sound]
'FRC.Algebra.tower_density' depends on axioms: [propext, Classical.choice, Quot.sound]
'FRC.Algebra.circle_net' depends on axioms: [propext, Classical.choice, Quot.sound]
'FRC.Algebra.group_law_defect' depends on axioms: [propext, Classical.choice, Quot.sound]
'FRC.Causality.no_causal_root' depends on axioms: [propext, Quot.sound]
'FRC.Causality.neg_sq_is_square' depends on axioms: [propext, Classical.choice, Quot.sound]
'FRC.Causality.absorb' depends on axioms: [propext, Quot.sound]
'FRC.Causality.aniso_tx' depends on axioms: [propext, Classical.choice, Quot.sound]
'FRC.Causality.boost_preserves' depends on axioms: [propext, Quot.sound]
'FRC.Causality.boost_comp' depends on axioms: [propext, Classical.choice, Quot.sound]
'FRC.Causality.boost_orthogonal' depends on axioms: [propext, Classical.choice, Quot.sound]
'FRC.Causality.gamma_ne_zero' depends on axioms: [propext, Classical.choice, Quot.sound]
'FRC.Causality.gamma_velocity' depends on axioms: [propext, Quot.sound]
'FRC.Causality.velocity_addition' depends on axioms: [propext, Classical.choice, Quot.sound]
'FRC.Fourier.sum_pow_eq_zero_of_ne_one' depends on axioms: [propext, Classical.choice, Quot.sound]
'FRC.Fourier.W' depends on axioms: [propext, Quot.sound]
'FRC.Fourier.J' depends on axioms: [propext, Quot.sound]
'FRC.Fourier.W_apply' depends on axioms: [propext, Quot.sound]
'FRC.Fourier.J_apply' depends on axioms: [propext, Quot.sound]
'FRC.Fourier.pow_neg_val' depends on axioms: [propext, Classical.choice, Quot.sound]
'FRC.Fourier.J_sq' depends on axioms: [propext, Classical.choice, Quot.sound]
'FRC.Fourier.mul_J_apply' depends on axioms: [propext, Classical.choice, Quot.sound]
'FRC.Fourier.W_sq' depends on axioms: [propext, Classical.choice, Quot.sound]
'FRC.Fourier.W_mul_J_comm' depends on axioms: [propext, Classical.choice, Quot.sound]
'FRC.Fourier.natCast_card_pred_eq_neg_one' depends on axioms: [propext, Classical.choice, Quot.sound]
'FRC.Fourier.quarter_turn_sq' depends on axioms: [propext, Classical.choice, Quot.sound]
'FRC.Fourier.shell_relations' depends on axioms: [propext, Classical.choice, Quot.sound]
'FRC.Fourier.shell_relations_zmod' depends on axioms: [propext, Classical.choice, Quot.sound]
'FRC.Fourier.chi' depends on axioms: [propext, Quot.sound]
'FRC.Fourier.chi_zero' depends on axioms: [propext, Quot.sound]
'FRC.Fourier.chi_add' depends on axioms: [propext, Quot.sound]
'FRC.Fourier.chi_mul_val' depends on axioms: [propext, Quot.sound]
'FRC.Fourier.chi_neg_add_self' depends on axioms: [propext, Quot.sound]
'FRC.Fourier.chi_ne_one' depends on axioms: [propext, Classical.choice, Quot.sound]
'FRC.Fourier.chi_pow_four' depends on axioms: [propext, Quot.sound]
'FRC.Fourier.sum_chi' depends on axioms: [propext, Classical.choice, Quot.sound]
'FRC.Fourier.phi' does not depend on any axioms
'FRC.Fourier.phi_zero' depends on axioms: [propext, Quot.sound]
'FRC.Fourier.phi_one' depends on axioms: [propext, Quot.sound]
'FRC.Fourier.phi_add' depends on axioms: [propext, Quot.sound]
'FRC.Fourier.proj' depends on axioms: [propext, Classical.choice, Quot.sound]
'FRC.Fourier.mul_proj' depends on axioms: [propext, Classical.choice, Quot.sound]
'FRC.Fourier.proj_mul_proj' depends on axioms: [propext, Classical.choice, Quot.sound]
'FRC.Fourier.sum_proj' depends on axioms: [propext, Classical.choice, Quot.sound]
'FRC.Fourier.pow_mul_proj' depends on axioms: [propext, Classical.choice, Quot.sound]
'FRC.Fourier.pow_eq_sum_proj' depends on axioms: [propext, Classical.choice, Quot.sound]
'FRC.Fourier.proj_eq_of_resolution' depends on axioms: [propext, Classical.choice, Quot.sound]
'FRC.Fourier.chi_pow_three' depends on axioms: [propext, Quot.sound]
'FRC.Fourier.proj_conj' depends on axioms: [propext, Classical.choice, Quot.sound]
'FRC.Fourier.psi' depends on axioms: [propext, Quot.sound]
'FRC.Fourier.psi_add' depends on axioms: [propext, Quot.sound]
'FRC.Fourier.psi_zero' depends on axioms: [propext, Quot.sound]
'FRC.Fourier.psi_nsmul' depends on axioms: [propext, Quot.sound]
'FRC.Fourier.frft' depends on axioms: [propext, Classical.choice, Quot.sound]
'FRC.Fourier.frft_add' depends on axioms: [propext, Classical.choice, Quot.sound]
'FRC.Fourier.frft_zero' depends on axioms: [propext, Classical.choice, Quot.sound]
'FRC.Fourier.frft_nsmul' depends on axioms: [propext, Classical.choice, Quot.sound]
'FRC.Fourier.frft_cardinal' depends on axioms: [propext, Classical.choice, Quot.sound]
'FRC.Fourier.frft_injective' depends on axioms: [propext, Classical.choice, Quot.sound]
'FRC.Fourier.frft_mul_proj_one' depends on axioms: [propext, Classical.choice, Quot.sound]
'FRC.Fourier.frftLift' depends on axioms: [propext, Classical.choice, Quot.sound]
'FRC.Fourier.frft_eq_frftLift' depends on axioms: [propext, Classical.choice, Quot.sound]
'FRC.Fourier.frftLift_add' depends on axioms: [propext, Classical.choice, Quot.sound]
'FRC.Fourier.frftLift_cardinal' depends on axioms: [propext, Classical.choice, Quot.sound]
'FRC.Fourier.frft_mul_proj' depends on axioms: [propext, Classical.choice, Quot.sound]
'FRC.Fourier.proj_mul_frft' depends on axioms: [propext, Classical.choice, Quot.sound]
'FRC.Fourier.cc' depends on axioms: [propext, Classical.choice, Quot.sound]
'FRC.Fourier.dd' depends on axioms: [propext, Classical.choice, Quot.sound]
'FRC.Fourier.rot' depends on axioms: [propext, Classical.choice, Quot.sound]
'FRC.Fourier.quarter_turn_ne_zero' depends on axioms: [propext, Classical.choice, Quot.sound]
'FRC.Fourier.inv_quarter_turn' depends on axioms: [propext, Classical.choice, Quot.sound]
'FRC.Fourier.circle' depends on axioms: [propext, Classical.choice, Quot.sound]
'FRC.Fourier.rot_det' depends on axioms: [propext, Classical.choice, Quot.sound]
'FRC.Fourier.rot_transpose_mul' depends on axioms: [propext, Classical.choice, Quot.sound]
'FRC.Fourier.cc_mul' depends on axioms: [propext, Classical.choice, Quot.sound]
'FRC.Fourier.dd_mul' depends on axioms: [propext, Classical.choice, Quot.sound]
'FRC.Fourier.rot_mul' depends on axioms: [propext, Classical.choice, Quot.sound]
'FRC.Fourier.rot_cardinal' depends on axioms: [propext, Classical.choice, Quot.sound]
'FRC.Fourier.rot_eigenline' depends on axioms: [propext, Classical.choice, Quot.sound]
'FRC.Fourier.Circle' depends on axioms: [propext, Quot.sound]
'FRC.Fourier.unitsEquivCircle' depends on axioms: [propext, Classical.choice, Quot.sound]
'FRC.Fourier.card_circle' depends on axioms: [propext, Classical.choice, Quot.sound]
'FRC.Fourier.psiF' depends on axioms: [propext, Quot.sound]
'FRC.Fourier.psiF_zero' depends on axioms: [propext, Quot.sound]
'FRC.Fourier.psiF_add' depends on axioms: [propext, Quot.sound]
'FRC.Fourier.psiF_mul_val' depends on axioms: [propext, Quot.sound]
'FRC.Fourier.psiF_neg_mul_self' depends on axioms: [propext, Quot.sound]
'FRC.Fourier.psiF_pow_n' depends on axioms: [propext, Quot.sound]
'FRC.Fourier.gauss' depends on axioms: [propext, Classical.choice, Quot.sound]
'FRC.Fourier.gauss_eq' depends on axioms: [propext, Classical.choice, Quot.sound]
'FRC.Fourier.gauss_inv_eq' depends on axioms: [propext, Classical.choice, Quot.sound]
'FRC.Fourier.two_mul_eq_zero_iff' depends on axioms: [propext, Quot.sound]
'FRC.Fourier.gauss_mul_gauss_inv' depends on axioms: [propext, Classical.choice, Quot.sound]
'FRC.Fourier.gauss_inv_of_sign' depends on axioms: [propext, Classical.choice, Quot.sound]
'FRC.Fourier.shift' depends on axioms: [propext, Quot.sound]
'FRC.Fourier.shift'' depends on axioms: [propext, Quot.sound]
'FRC.Fourier.modul' depends on axioms: [propext, Quot.sound]
'FRC.Fourier.shift_apply' depends on axioms: [propext, Quot.sound]
'FRC.Fourier.shift'_apply' depends on axioms: [propext, Quot.sound]
'FRC.Fourier.shift_mul_shift'' depends on axioms: [propext, Classical.choice, Quot.sound]
'FRC.Fourier.pow_succ_mod_mul' depends on axioms: [propext, Quot.sound]
'FRC.Fourier.val_add_one' depends on axioms: [propext]
'FRC.Fourier.W_mul_shift' depends on axioms: [propext, Classical.choice, Quot.sound]
'FRC.Fourier.W_mul_modul' depends on axioms: [propext, Classical.choice, Quot.sound]
'FRC.Fourier.heisenberg' depends on axioms: [propext, Classical.choice, Quot.sound]
'FRC.Fourier.shift_mulVec_geom' depends on axioms: [propext, Classical.choice, Quot.sound]
'FRC.Fourier.frft_eigenvalue_mem' depends on axioms: [propext, Classical.choice, Quot.sound]
'FRC.Fourier.rank_eq_trace_of_idempotent' depends on axioms: [propext, Classical.choice, Quot.sound]
'FRC.Fourier.natCast_four_mul_eq_neg_one' depends on axioms: [propext, Classical.choice, Quot.sound]
'FRC.Fourier.half_period' depends on axioms: [propext, Classical.choice, Quot.sound]
'FRC.Fourier.quarter_turn_sq'' depends on axioms: [propext, Classical.choice, Quot.sound]
'FRC.Fourier.quarter_turn_pow_four' depends on axioms: [propext, Classical.choice, Quot.sound]
'FRC.Fourier.two_ne_zero'' depends on axioms: [propext, Classical.choice, Quot.sound]
'FRC.Fourier.four_ne_zero'' depends on axioms: [propext, Classical.choice, Quot.sound]
'FRC.Fourier.inv_pow_kappa' depends on axioms: [propext, Classical.choice, Quot.sound]
'FRC.Fourier.inv_pow_four_kappa' depends on axioms: [propext, Classical.choice, Quot.sound]
'FRC.Fourier.chi_ne_one'' depends on axioms: [propext, Classical.choice, Quot.sound]
'FRC.Fourier.Fmat' depends on axioms: [propext, Quot.sound]
'FRC.Fourier.Fmat_sq' depends on axioms: [propext, Classical.choice, Quot.sound]
'FRC.Fourier.Fmat_pow_four' depends on axioms: [propext, Classical.choice, Quot.sound]
'FRC.Fourier.shellProj' depends on axioms: [propext, Classical.choice, Quot.sound]
'FRC.Fourier.shellFrft' depends on axioms: [propext, Classical.choice, Quot.sound]
'FRC.Fourier.shell_proj' depends on axioms: [propext, Classical.choice, Quot.sound]
'FRC.Fourier.shell_frft_add' depends on axioms: [propext, Classical.choice, Quot.sound]
'FRC.Fourier.shell_frft_cardinal' depends on axioms: [propext, Classical.choice, Quot.sound]
'FRC.Fourier.shell_frft_values' depends on axioms: [propext, Classical.choice, Quot.sound]
'FRC.Fourier.shell_frftLift' depends on axioms: [propext, Classical.choice, Quot.sound]
'FRC.Fourier.shell_conj' depends on axioms: [propext, Classical.choice, Quot.sound]
'FRC.Fourier.shell_frft_add_two_kappa' depends on axioms: [propext, Classical.choice, Quot.sound]
'FRC.Fourier.shell_heisenberg' depends on axioms: [propext, Classical.choice, Quot.sound]
'FRC.Fourier.shell_spectral_obstruction' depends on axioms: [propext, Classical.choice, Quot.sound]
'FRC.Fourier.sum_zmod_four' depends on axioms: [propext, Classical.choice, Quot.sound]
'FRC.Fourier.chi_values' depends on axioms: [propext, Classical.choice, Quot.sound]
'FRC.Fourier.parity_proj' depends on axioms: [propext, Classical.choice, Quot.sound]
'FRC.Fourier.J_mulVec_single' depends on axioms: [propext, Classical.choice, Quot.sound]
'FRC.Fourier.antisym_not_eigen' depends on axioms: [propext, Classical.choice, Quot.sound]
'FRC.Fourier.e0_not_eigen' depends on axioms: [propext, Classical.choice, Quot.sound]
'FRC.Fourier.shell_odd_proj_ne_zero' depends on axioms: [propext, Classical.choice, Quot.sound]
'FRC.Fourier.shell_even_proj_ne_zero' depends on axioms: [propext, Classical.choice, Quot.sound]
'FRC.Fourier.shell_frft_injective' depends on axioms: [propext, Classical.choice, Quot.sound]
'FRC.Fourier.trace_Fmat' depends on axioms: [propext, Classical.choice, Quot.sound]
'FRC.Fourier.trace_J' depends on axioms: [propext, Classical.choice, Quot.sound]
'FRC.Fourier.four_mul_trace_proj' depends on axioms: [propext, Classical.choice, Quot.sound]
'FRC.Fourier.chi_neg_values' depends on axioms: [propext, Quot.sound]
'FRC.Fourier.four_mul_trace_proj_values' depends on axioms: [propext, Classical.choice, Quot.sound]
'FRC.Fourier.trace_proj_parity_sums' depends on axioms: [propext, Classical.choice, Quot.sound]
'FRC.Fourier.shell_multiplicity_dichotomy' depends on axioms: [propext, Classical.choice, Quot.sound]
'FRC.Fourier.rank_eq_of_trace_eq' depends on axioms: [propext, Classical.choice, Quot.sound]
'FRC.Fourier.rank_add_of_orthogonal' depends on axioms: [propext, Classical.choice, Quot.sound]
'FRC.Fourier.card_zmod_shell' depends on axioms: [propext, Classical.choice, Quot.sound]
'FRC.Fourier.shell_multiplicity_sums' depends on axioms: [propext, Classical.choice, Quot.sound]
'FRC.Fourier.shell_multiplicity_tuple' depends on axioms: [propext, Classical.choice, Quot.sound]
'FRC.Geometry.half_period' depends on axioms: [propext, Classical.choice, Quot.sound]
'FRC.Geometry.quarter_turn_order' depends on axioms: [propext, Classical.choice, Quot.sound]
'FRC.Geometry.orientation_class' depends on axioms: [propext, Classical.choice, Quot.sound]
'FRC.Geometry.euler_identity' depends on axioms: [propext, Classical.choice, Quot.sound]
'FRC.Geometry.generator_orbit' depends on axioms: [propext, Classical.choice, Quot.sound]
'FRC.Geometry.principal_root' depends on axioms: [propext, Classical.choice, Quot.sound]
'FRC.Geometry.dft_inverse' depends on axioms: [propext, Classical.choice, Quot.sound]
'FRC.Geometry.euler_characteristic' depends on axioms: [propext, Quot.sound]
'FRC.Geometry.fixed_shell_gap' depends on axioms: [propext, Classical.choice, Quot.sound]
'FRC.Geometry.fixed_shell_gap_rat' depends on axioms: [propext, Classical.choice, Quot.sound]
'FRC.Geometry.fixed_shell_bound' depends on axioms: [propext, Classical.choice, Quot.sound]
'FRC.Geometry.fixed_shell_bound_lt_one' depends on axioms: [propext, Classical.choice, Quot.sound]
'FRC.Reductio.theory_complete' depends on axioms: [propext, Classical.choice, Quot.sound]
'FRC.Reductio.decRealize' depends on axioms: [propext, Classical.choice, Quot.sound]
'FRC.Reductio.decTheory' depends on axioms: [propext, Classical.choice, Quot.sound]
'FRC.Reductio.infinite_of_succ' depends on axioms: [propext, Classical.choice, Quot.sound]
'FRC.Reductio.cantor' does not depend on any axioms
'FRC.Reductio.cantor_finite' depends on axioms: [propext]
'FRC.Reductio.records_lt' depends on axioms: [propext, Classical.choice, Quot.sound]
'FRC.Reductio.no_mirror' depends on axioms: [propext, Classical.choice, Quot.sound]
'FRC.Reductio.certified_fraction_tendsto' depends on axioms: [propext, Classical.choice, Quot.sound]
'FRC.Reductio.finite_choice' depends on axioms: [propext, Classical.choice, Quot.sound]
'FRC.Reductio.periodic_choice' depends on axioms: [propext, Classical.choice, Quot.sound]
'FRC.Reductio.equivariant_section_iff' depends on axioms: [propext, Classical.choice]
'FRC.Reductio.obstruction_five' depends on axioms: [propext, Classical.choice, Quot.sound]
'FRC.Reductio.no_doubling' depends on axioms: [propext, Classical.choice, Quot.sound]
'FRC.Reductio.ultrafilter_principal' depends on axioms: [propext, Classical.choice, Quot.sound]
'FRC.Reductio.decideAllSubsets' depends on axioms: [propext, Classical.choice, Quot.sound]
'FRC.Reductio.nat_embeds' depends on axioms: [propext, Classical.choice, Quot.sound]
'FRC.Representation.Adequate' does not depend on any axioms
'FRC.Representation.adequate_inj' does not depend on any axioms
'FRC.Representation.transition_exists' depends on axioms: [Classical.choice, Quot.sound]
'FRC.Representation.transition_unique' depends on axioms: [Quot.sound]
'FRC.Representation.embeds_in_shell' depends on axioms: [propext, Classical.choice, Quot.sound]
'FRC.Representation.canonical_iota' depends on axioms: [Classical.choice, Quot.sound]
'FRC.Representation.chart_injective' does not depend on any axioms
'FRC.Representation.transition_images' depends on axioms: [propext, Classical.choice, Quot.sound]
'FRC.Representation.lift' depends on axioms: [Classical.choice, Quot.sound]
'FRC.Representation.consistency' depends on axioms: [Classical.choice, Quot.sound]
'FRC.Representation.sphere_of_equivariant' depends on axioms: [propext, Classical.choice, Quot.sound]
'FRC.Representation.godel_injective' depends on axioms: [propext, Classical.choice, Quot.sound]
'FRC.Representation.mod_injective' depends on axioms: [propext]
'FRC.Representation.godel_instance' depends on axioms: [propext, Classical.choice, Quot.sound]
